
> vite_react_shadcn_ts@0.0.0 build
> vite build

[36mvite v5.4.21 [32mbuilding for production...[36m[39m
transforming...
Browserslist: browsers data (caniuse-lite) is 10 months old. Please run:
  npx update-browserslist-db@latest
  Why you should do it regularly: https://github.com/browserslist/update-db#readme
[32mÔ£ô[39m 3176 modules transformed.
rendering chunks...
computing gzip size...
[2mdist/[22m[32mregisterSW.js                                                     [39m[1m[2m  0.13 kB[22m[1m[22m
[2mdist/[22m[32mmanifest.webmanifest                                              [39m[1m[2m  0.39 kB[22m[1m[22m
[2mdist/[22m[32mindex.html                                                        [39m[1m[2m  4.88 kB[22m[1m[22m[2m Ôöé gzip:   1.54 kB[22m
[2mdist/[22m[32massets/playfair-display-vietnamese-700-normal-l9o9Xvfd.woff2      [39m[1m[2m  5.58 kB[22m[1m[22m
[2mdist/[22m[32massets/playfair-display-vietnamese-400-italic-BUmfCufw.woff2      [39m[1m[2m  5.74 kB[22m[1m[22m
[2mdist/[22m[32massets/cormorant-garamond-vietnamese-500-italic-D3igDnAQ.woff2    [39m[1m[2m  6.90 kB[22m[1m[22m
[2mdist/[22m[32massets/playfair-display-vietnamese-700-normal-BpZ9368L.woff       [39m[1m[2m  7.14 kB[22m[1m[22m
[2mdist/[22m[32massets/montserrat-vietnamese-300-normal-F69v1y7v.woff             [39m[1m[2m  7.25 kB[22m[1m[22m
[2mdist/[22m[32massets/montserrat-vietnamese-500-normal-DpeZlV_K.woff             [39m[1m[2m  7.25 kB[22m[1m[22m
[2mdist/[22m[32massets/montserrat-vietnamese-400-normal-BeEscFYY.woff             [39m[1m[2m  7.27 kB[22m[1m[22m
[2mdist/[22m[32massets/montserrat-vietnamese-600-normal-SJ-HTWuM.woff             [39m[1m[2m  7.30 kB[22m[1m[22m
[2mdist/[22m[32massets/montserrat-vietnamese-700-normal-DnwGT2D9.woff             [39m[1m[2m  7.30 kB[22m[1m[22m
[2mdist/[22m[32massets/playfair-display-vietnamese-400-italic-DryNqZwT.woff       [39m[1m[2m  7.40 kB[22m[1m[22m
[2mdist/[22m[32massets/montserrat-vietnamese-300-normal-BIrGnxdC.woff2            [39m[1m[2m  7.80 kB[22m[1m[22m
[2mdist/[22m[32massets/montserrat-vietnamese-500-normal-NT-t8RG1.woff2            [39m[1m[2m  7.87 kB[22m[1m[22m
[2mdist/[22m[32massets/montserrat-vietnamese-400-normal-D4oHqQTd.woff2            [39m[1m[2m  7.90 kB[22m[1m[22m
[2mdist/[22m[32massets/montserrat-vietnamese-600-normal-DKe6qT_E.woff2            [39m[1m[2m  7.90 kB[22m[1m[22m
[2mdist/[22m[32massets/montserrat-vietnamese-700-normal-C0x1De3p.woff2            [39m[1m[2m  7.90 kB[22m[1m[22m
[2mdist/[22m[32massets/cormorant-garamond-vietnamese-500-italic-C-296ow0.woff     [39m[1m[2m  9.62 kB[22m[1m[22m
[2mdist/[22m[32massets/montserrat-cyrillic-300-normal-BVP0yxL_.woff               [39m[1m[2m 10.86 kB[22m[1m[22m
[2mdist/[22m[32massets/montserrat-cyrillic-400-normal-jEs4Tk-Z.woff               [39m[1m[2m 10.91 kB[22m[1m[22m
[2mdist/[22m[32massets/montserrat-cyrillic-700-normal-BvLYcGP1.woff               [39m[1m[2m 10.93 kB[22m[1m[22m
[2mdist/[22m[32massets/montserrat-cyrillic-600-normal-DUglwBrH.woff               [39m[1m[2m 10.98 kB[22m[1m[22m
[2mdist/[22m[32massets/montserrat-cyrillic-400-normal-BPq32Q8K.woff2              [39m[1m[2m 10.98 kB[22m[1m[22m
[2mdist/[22m[32massets/montserrat-cyrillic-500-normal-CyGtXmN9.woff               [39m[1m[2m 10.99 kB[22m[1m[22m
[2mdist/[22m[32massets/montserrat-cyrillic-300-normal-DyQnI4ta.woff2              [39m[1m[2m 11.02 kB[22m[1m[22m
[2mdist/[22m[32massets/montserrat-cyrillic-600-normal-CQEPC0hM.woff2              [39m[1m[2m 11.12 kB[22m[1m[22m
[2mdist/[22m[32massets/montserrat-cyrillic-500-normal-T0SG181k.woff2              [39m[1m[2m 11.13 kB[22m[1m[22m
[2mdist/[22m[32massets/montserrat-cyrillic-700-normal-D-Pqjtdp.woff2              [39m[1m[2m 11.16 kB[22m[1m[22m
[2mdist/[22m[32massets/montserrat-cyrillic-ext-300-normal-AjyHH-nA.woff2          [39m[1m[2m 11.84 kB[22m[1m[22m
[2mdist/[22m[32massets/montserrat-cyrillic-ext-400-normal-Xqov12YL.woff2          [39m[1m[2m 11.94 kB[22m[1m[22m
[2mdist/[22m[32massets/montserrat-cyrillic-ext-500-normal-11xBT7e1.woff2          [39m[1m[2m 11.96 kB[22m[1m[22m
[2mdist/[22m[32massets/montserrat-cyrillic-ext-300-normal-Ctr4ZZfs.woff           [39m[1m[2m 12.05 kB[22m[1m[22m
[2mdist/[22m[32massets/montserrat-cyrillic-ext-500-normal-DOzfAZ45.woff           [39m[1m[2m 12.06 kB[22m[1m[22m
[2mdist/[22m[32massets/montserrat-cyrillic-ext-600-normal-BtBW-rpm.woff2          [39m[1m[2m 12.06 kB[22m[1m[22m
[2mdist/[22m[32massets/montserrat-cyrillic-ext-700-normal-MyDreaeu.woff2          [39m[1m[2m 12.06 kB[22m[1m[22m
[2mdist/[22m[32massets/montserrat-cyrillic-ext-700-normal-D-Mk2xRJ.woff           [39m[1m[2m 12.08 kB[22m[1m[22m
[2mdist/[22m[32massets/montserrat-cyrillic-ext-600-normal-wReYPmz2.woff           [39m[1m[2m 12.08 kB[22m[1m[22m
[2mdist/[22m[32massets/montserrat-cyrillic-ext-400-normal-DRPPeomZ.woff           [39m[1m[2m 12.09 kB[22m[1m[22m
[2mdist/[22m[32massets/playfair-display-cyrillic-700-normal-_YsDviUp.woff2        [39m[1m[2m 12.35 kB[22m[1m[22m
[2mdist/[22m[32massets/playfair-display-cyrillic-400-italic-CwOHgDDV.woff2        [39m[1m[2m 12.54 kB[22m[1m[22m
[2mdist/[22m[32massets/playfair-display-latin-ext-700-normal-DfIbajr-.woff2       [39m[1m[2m 12.58 kB[22m[1m[22m
[2mdist/[22m[32massets/cormorant-garamond-cyrillic-500-italic-DVnfXoMy.woff2      [39m[1m[2m 12.70 kB[22m[1m[22m
[2mdist/[22m[32massets/playfair-display-latin-ext-400-italic-CyTX6-lG.woff2       [39m[1m[2m 13.48 kB[22m[1m[22m
[2mdist/[22m[32massets/playfair-display-cyrillic-700-normal-B28oB410.woff         [39m[1m[2m 14.60 kB[22m[1m[22m
[2mdist/[22m[32massets/cormorant-garamond-cyrillic-ext-500-italic-ClXnudBg.woff2  [39m[1m[2m 14.83 kB[22m[1m[22m
[2mdist/[22m[32massets/playfair-display-cyrillic-400-italic-SiOaQZ1M.woff         [39m[1m[2m 15.35 kB[22m[1m[22m
[2mdist/[22m[32massets/cormorant-garamond-cyrillic-500-italic-C9gO-8KC.woff       [39m[1m[2m 16.01 kB[22m[1m[22m
[2mdist/[22m[32massets/playfair-display-latin-ext-700-normal-9ryajgun.woff        [39m[1m[2m 16.61 kB[22m[1m[22m
[2mdist/[22m[32massets/playfair-display-latin-ext-400-italic-BywWhQ0W.woff        [39m[1m[2m 17.64 kB[22m[1m[22m
[2mdist/[22m[32massets/montserrat-latin-600-normal-UVxSCcoG.woff2                 [39m[1m[2m 18.69 kB[22m[1m[22m
[2mdist/[22m[32massets/montserrat-latin-300-normal-BgP24wlQ.woff2                 [39m[1m[2m 18.71 kB[22m[1m[22m
[2mdist/[22m[32massets/montserrat-latin-500-normal-DRFEGfly.woff2                 [39m[1m[2m 18.75 kB[22m[1m[22m
[2mdist/[22m[32massets/montserrat-latin-400-normal-BLhwKU8k.woff2                 [39m[1m[2m 18.78 kB[22m[1m[22m
[2mdist/[22m[32massets/montserrat-latin-700-normal-BdjcYUrC.woff2                 [39m[1m[2m 18.82 kB[22m[1m[22m
[2mdist/[22m[32massets/cormorant-garamond-cyrillic-ext-500-italic-DakTmaFY.woff   [39m[1m[2m 19.06 kB[22m[1m[22m
[2mdist/[22m[32massets/cormorant-garamond-latin-ext-500-italic-CE7zdTnu.woff2     [39m[1m[2m 20.39 kB[22m[1m[22m
[2mdist/[22m[32massets/montserrat-latin-600-normal-CdhFl4lI.woff                  [39m[1m[2m 20.55 kB[22m[1m[22m
[2mdist/[22m[32massets/montserrat-latin-500-normal-Dok2oTci.woff                  [39m[1m[2m 20.61 kB[22m[1m[22m
[2mdist/[22m[32massets/montserrat-latin-400-normal-xItZbAXg.woff                  [39m[1m[2m 20.65 kB[22m[1m[22m
[2mdist/[22m[32massets/montserrat-latin-700-normal-BWkrl476.woff                  [39m[1m[2m 20.67 kB[22m[1m[22m
[2mdist/[22m[32massets/montserrat-latin-300-normal-sTRdVzlf.woff                  [39m[1m[2m 20.70 kB[22m[1m[22m
[2mdist/[22m[32massets/playfair-display-latin-400-italic-boHTmRhp.woff2           [39m[1m[2m 21.92 kB[22m[1m[22m
[2mdist/[22m[32massets/playfair-display-latin-700-normal-CtHl6EpB.woff2           [39m[1m[2m 23.32 kB[22m[1m[22m
[2mdist/[22m[32massets/cormorant-garamond-latin-500-italic-Y14P-dkT.woff2         [39m[1m[2m 23.92 kB[22m[1m[22m
[2mdist/[22m[32massets/playfair-display-latin-400-italic-BDhyuhOn.woff            [39m[1m[2m 27.56 kB[22m[1m[22m
[2mdist/[22m[32massets/playfair-display-latin-700-normal-De4fKUK-.woff            [39m[1m[2m 28.57 kB[22m[1m[22m
[2mdist/[22m[32massets/cormorant-garamond-latin-ext-500-italic-CalKM9tT.woff      [39m[1m[2m 28.86 kB[22m[1m[22m
[2mdist/[22m[32massets/montserrat-latin-ext-300-normal-DiDe5dVi.woff2             [39m[1m[2m 31.91 kB[22m[1m[22m
[2mdist/[22m[32massets/montserrat-latin-ext-400-normal-B8bwfy6Y.woff2             [39m[1m[2m 32.27 kB[22m[1m[22m
[2mdist/[22m[32massets/montserrat-latin-ext-500-normal-BKtbrd6n.woff2             [39m[1m[2m 32.29 kB[22m[1m[22m
[2mdist/[22m[32massets/cormorant-garamond-latin-500-italic-DhNIfkTX.woff          [39m[1m[2m 33.18 kB[22m[1m[22m
[2mdist/[22m[32massets/montserrat-latin-ext-600-normal-DSkTqI9L.woff2             [39m[1m[2m 33.19 kB[22m[1m[22m
[2mdist/[22m[32massets/montserrat-latin-ext-700-normal-BOP2Nhf0.woff2             [39m[1m[2m 33.53 kB[22m[1m[22m
[2mdist/[22m[32massets/montserrat-latin-ext-300-normal-BCbSOsYO.woff              [39m[1m[2m 40.21 kB[22m[1m[22m
[2mdist/[22m[32massets/montserrat-latin-ext-400-normal-BffdBkAA.woff              [39m[1m[2m 40.37 kB[22m[1m[22m
[2mdist/[22m[32massets/montserrat-latin-ext-500-normal-DWPqqZgs.woff              [39m[1m[2m 40.39 kB[22m[1m[22m
[2mdist/[22m[32massets/montserrat-latin-ext-600-normal-CSDhkhgS.woff              [39m[1m[2m 41.04 kB[22m[1m[22m
[2mdist/[22m[32massets/montserrat-latin-ext-700-normal-DdDFr05Z.woff              [39m[1m[2m 41.34 kB[22m[1m[22m
[2mdist/[22m[35massets/index-DAmIFg_S.css                                         [39m[1m[2m136.43 kB[22m[1m[22m[2m Ôöé gzip:  20.37 kB[22m
[2mdist/[22m[36massets/en-CirD8YSG.js                                             [39m[1m[2m  0.28 kB[22m[1m[22m[2m Ôöé gzip:   0.22 kB[22m
[2mdist/[22m[36massets/es-rSCfYZRx.js                                             [39m[1m[2m  0.28 kB[22m[1m[22m[2m Ôöé gzip:   0.22 kB[22m
[2mdist/[22m[36massets/fr-Byg-boBE.js                                             [39m[1m[2m  0.28 kB[22m[1m[22m[2m Ôöé gzip:   0.22 kB[22m
[2mdist/[22m[36massets/pt-Cs2fAUZ6.js                                             [39m[1m[2m  0.28 kB[22m[1m[22m[2m Ôöé gzip:   0.22 kB[22m
[2mdist/[22m[36massets/en-CjTigyOs.js                                             [39m[1m[2m  0.28 kB[22m[1m[22m[2m Ôöé gzip:   0.22 kB[22m
[2mdist/[22m[36massets/es-wfA_hp_a.js                                             [39m[1m[2m  0.28 kB[22m[1m[22m[2m Ôöé gzip:   0.22 kB[22m
[2mdist/[22m[36massets/fr-ClxC2l50.js                                             [39m[1m[2m  0.28 kB[22m[1m[22m[2m Ôöé gzip:   0.22 kB[22m
[2mdist/[22m[36massets/pt-xSbm5Cs3.js                                             [39m[1m[2m  0.28 kB[22m[1m[22m[2m Ôöé gzip:   0.22 kB[22m
[2mdist/[22m[36massets/en-DsrM7fVq.js                                             [39m[1m[2m  0.28 kB[22m[1m[22m[2m Ôöé gzip:   0.22 kB[22m
[2mdist/[22m[36massets/es-Dh_CkDeH.js                                             [39m[1m[2m  0.28 kB[22m[1m[22m[2m Ôöé gzip:   0.22 kB[22m
[2mdist/[22m[36massets/fr-Bs_kAQPB.js                                             [39m[1m[2m  0.28 kB[22m[1m[22m[2m Ôöé gzip:   0.22 kB[22m
[2mdist/[22m[36massets/pt-DDVTXnTJ.js                                             [39m[1m[2m  0.28 kB[22m[1m[22m[2m Ôöé gzip:   0.22 kB[22m
[2mdist/[22m[36massets/en-B_xl1Ixr.js                                             [39m[1m[2m  0.28 kB[22m[1m[22m[2m Ôöé gzip:   0.22 kB[22m
[2mdist/[22m[36massets/es-BtDASS0q.js                                             [39m[1m[2m  0.28 kB[22m[1m[22m[2m Ôöé gzip:   0.22 kB[22m
[2mdist/[22m[36massets/fr-BQN4OckW.js                                             [39m[1m[2m  0.28 kB[22m[1m[22m[2m Ôöé gzip:   0.22 kB[22m
[2mdist/[22m[36massets/pt-8sbvubJn.js                                             [39m[1m[2m  0.28 kB[22m[1m[22m[2m Ôöé gzip:   0.22 kB[22m
[2mdist/[22m[36massets/en-Cgj583vj.js                                             [39m[1m[2m  0.28 kB[22m[1m[22m[2m Ôöé gzip:   0.22 kB[22m
[2mdist/[22m[36massets/es-YIxCiN1-.js                                             [39m[1m[2m  0.28 kB[22m[1m[22m[2m Ôöé gzip:   0.22 kB[22m
[2mdist/[22m[36massets/fr-Zu1Q3SyZ.js                                             [39m[1m[2m  0.28 kB[22m[1m[22m[2m Ôöé gzip:   0.22 kB[22m
[2mdist/[22m[36massets/pt-aLqVXXkf.js                                             [39m[1m[2m  0.28 kB[22m[1m[22m[2m Ôöé gzip:   0.22 kB[22m
[2mdist/[22m[36massets/en-CLghGekJ.js                                             [39m[1m[2m  0.28 kB[22m[1m[22m[2m Ôöé gzip:   0.22 kB[22m
[2mdist/[22m[36massets/es-B2CAMGa1.js                                             [39m[1m[2m  0.28 kB[22m[1m[22m[2m Ôöé gzip:   0.22 kB[22m
[2mdist/[22m[36massets/fr-BvGIJpNc.js                                             [39m[1m[2m  0.28 kB[22m[1m[22m[2m Ôöé gzip:   0.22 kB[22m
[2mdist/[22m[36massets/pt-7XW9yWgI.js                                             [39m[1m[2m  0.28 kB[22m[1m[22m[2m Ôöé gzip:   0.22 kB[22m
[2mdist/[22m[36massets/en-ZSnCCrjm.js                                             [39m[1m[2m  0.28 kB[22m[1m[22m[2m Ôöé gzip:   0.22 kB[22m
[2mdist/[22m[36massets/es-xViN7rVm.js                                             [39m[1m[2m  0.28 kB[22m[1m[22m[2m Ôöé gzip:   0.22 kB[22m
[2mdist/[22m[36massets/fr-CqWPsfZq.js                                             [39m[1m[2m  0.28 kB[22m[1m[22m[2m Ôöé gzip:   0.22 kB[22m
[2mdist/[22m[36massets/pt-DRM7chQq.js                                             [39m[1m[2m  0.28 kB[22m[1m[22m[2m Ôöé gzip:   0.22 kB[22m
[2mdist/[22m[36massets/en-CMMU6w5U.js                                             [39m[1m[2m  0.28 kB[22m[1m[22m[2m Ôöé gzip:   0.22 kB[22m
[2mdist/[22m[36massets/es-BXeyAi_8.js                                             [39m[1m[2m  0.28 kB[22m[1m[22m[2m Ôöé gzip:   0.22 kB[22m
[2mdist/[22m[36massets/fr-u1P1WHcT.js                                             [39m[1m[2m  0.28 kB[22m[1m[22m[2m Ôöé gzip:   0.22 kB[22m
[2mdist/[22m[36massets/pt-Sb9H3GYq.js                                             [39m[1m[2m  0.28 kB[22m[1m[22m[2m Ôöé gzip:   0.22 kB[22m
[2mdist/[22m[36massets/label-CnFhk_c-.js                                          [39m[1m[2m  0.42 kB[22m[1m[22m[2m Ôöé gzip:   0.28 kB[22m
[2mdist/[22m[36massets/textarea-BVecsI-O.js                                       [39m[1m[2m  0.52 kB[22m[1m[22m[2m Ôöé gzip:   0.34 kB[22m
[2mdist/[22m[36massets/badge-DweCw6HL.js                                          [39m[1m[2m  0.79 kB[22m[1m[22m[2m Ôöé gzip:   0.41 kB[22m
[2mdist/[22m[36massets/Breadcrumb-CLfGcF-t.js                                     [39m[1m[2m  0.89 kB[22m[1m[22m[2m Ôöé gzip:   0.42 kB[22m
[2mdist/[22m[36massets/BookingProgress-6Xp2vkQq.js                                [39m[1m[2m  1.00 kB[22m[1m[22m[2m Ôöé gzip:   0.52 kB[22m
[2mdist/[22m[36massets/alert-BiosVokl.js                                          [39m[1m[2m  1.00 kB[22m[1m[22m[2m Ôöé gzip:   0.50 kB[22m
[2mdist/[22m[36massets/card-Xdc2zEsq.js                                           [39m[1m[2m  1.04 kB[22m[1m[22m[2m Ôöé gzip:   0.40 kB[22m
[2mdist/[22m[36massets/index-DRR64B5B.js                                          [39m[1m[2m  1.09 kB[22m[1m[22m[2m Ôöé gzip:   0.62 kB[22m
[2mdist/[22m[36massets/NewsletterCTA-90m-S8N0.js                                  [39m[1m[2m  2.79 kB[22m[1m[22m[2m Ôöé gzip:   1.51 kB[22m
[2mdist/[22m[36massets/BlogCategory-BjvyPFJE.js                                   [39m[1m[2m  3.16 kB[22m[1m[22m[2m Ôöé gzip:   1.32 kB[22m
[2mdist/[22m[36massets/NotFound-CSREkTfj.js                                       [39m[1m[2m  3.17 kB[22m[1m[22m[2m Ôöé gzip:   1.20 kB[22m
[2mdist/[22m[36massets/FAQPage-DrNdh9hk.js                                        [39m[1m[2m  3.47 kB[22m[1m[22m[2m Ôöé gzip:   1.62 kB[22m
[2mdist/[22m[36massets/pt-Bp0ER3T7.js                                             [39m[1m[2m  4.56 kB[22m[1m[22m[2m Ôöé gzip:   1.53 kB[22m
[2mdist/[22m[36massets/es-CxHLPKYo.js                                             [39m[1m[2m  4.61 kB[22m[1m[22m[2m Ôöé gzip:   1.53 kB[22m
[2mdist/[22m[36massets/fr-DYW5rGU2.js                                             [39m[1m[2m  4.74 kB[22m[1m[22m[2m Ôöé gzip:   1.56 kB[22m
[2mdist/[22m[36massets/Details-B6Lx7tSl.js                                        [39m[1m[2m  4.98 kB[22m[1m[22m[2m Ôöé gzip:   1.82 kB[22m
[2mdist/[22m[36massets/FleetSection-DEgMh-9A.js                                   [39m[1m[2m  5.53 kB[22m[1m[22m[2m Ôöé gzip:   1.86 kB[22m
[2mdist/[22m[36massets/PrivacyPage-BdoEgS-S.js                                    [39m[1m[2m  6.94 kB[22m[1m[22m[2m Ôöé gzip:   1.96 kB[22m
[2mdist/[22m[36massets/Confirmation-C9IDs1Sy.js                                   [39m[1m[2m  7.00 kB[22m[1m[22m[2m Ôöé gzip:   1.96 kB[22m
[2mdist/[22m[36massets/pt-CK3_JPrH.js                                             [39m[1m[2m  7.03 kB[22m[1m[22m[2m Ôöé gzip:   2.21 kB[22m
[2mdist/[22m[36massets/DesignPreview-CWW3h2Ma.js                                  [39m[1m[2m  7.04 kB[22m[1m[22m[2m Ôöé gzip:   1.68 kB[22m
[2mdist/[22m[36massets/FAQ-CTwVV8lR.js                                            [39m[1m[2m  7.10 kB[22m[1m[22m[2m Ôöé gzip:   2.25 kB[22m
[2mdist/[22m[36massets/fr-UfxFPhF5.js                                             [39m[1m[2m  7.27 kB[22m[1m[22m[2m Ôöé gzip:   2.28 kB[22m
[2mdist/[22m[36massets/TermsPage-B3_mOuSu.js                                      [39m[1m[2m  7.75 kB[22m[1m[22m[2m Ôöé gzip:   2.04 kB[22m
[2mdist/[22m[36massets/en-DS-5rtUG.js                                             [39m[1m[2m  8.53 kB[22m[1m[22m[2m Ôöé gzip:   2.59 kB[22m
[2mdist/[22m[36massets/BlogIndex-DN5t9OvI.js                                      [39m[1m[2m  9.03 kB[22m[1m[22m[2m Ôöé gzip:   2.86 kB[22m
[2mdist/[22m[36massets/es-Ca43JuBE.js                                             [39m[1m[2m  9.11 kB[22m[1m[22m[2m Ôöé gzip:   2.52 kB[22m
[2mdist/[22m[36massets/payment-CLvIJTmO.js                                        [39m[1m[2m  9.99 kB[22m[1m[22m[2m Ôöé gzip:   3.73 kB[22m
[2mdist/[22m[36massets/en-C2l_LxSH.js                                             [39m[1m[2m 10.39 kB[22m[1m[22m[2m Ôöé gzip:   2.69 kB[22m
[2mdist/[22m[36massets/AvoidFakeTaxis-DrKZdqiH.js                                 [39m[1m[2m 10.76 kB[22m[1m[22m[2m Ôöé gzip:   1.69 kB[22m
[2mdist/[22m[36massets/Beauvais-CJ3-HGyZ.js                                       [39m[1m[2m 16.04 kB[22m[1m[22m[2m Ôöé gzip:   3.98 kB[22m
[2mdist/[22m[36massets/Orly-BS5I-mnN.js                                           [39m[1m[2m 18.52 kB[22m[1m[22m[2m Ôöé gzip:   4.51 kB[22m
[2mdist/[22m[36massets/Events-YogWvY0L.js                                         [39m[1m[2m 19.86 kB[22m[1m[22m[2m Ôöé gzip:   6.47 kB[22m
[2mdist/[22m[36massets/Payment-P0TolfZJ.js                                        [39m[1m[2m 21.03 kB[22m[1m[22m[2m Ôöé gzip:   6.88 kB[22m
[2mdist/[22m[36massets/BlogPost-CTWBT94s.js                                       [39m[1m[2m 22.04 kB[22m[1m[22m[2m Ôöé gzip:   6.49 kB[22m
[2mdist/[22m[36massets/BlogCard-ze86vA1D.js                                       [39m[1m[2m 36.30 kB[22m[1m[22m[2m Ôöé gzip:  10.79 kB[22m
[2mdist/[22m[36massets/date-utils-CCMQMcwz.js                                     [39m[1m[2m 38.44 kB[22m[1m[22m[2m Ôöé gzip:   9.13 kB[22m
[2mdist/[22m[36massets/BookingForm-DM2Uk6tA.js                                    [39m[1m[2m 38.78 kB[22m[1m[22m[2m Ôöé gzip:  10.05 kB[22m
[2mdist/[22m[36massets/Home-d4SxrHRc.js                                           [39m[1m[2m 44.58 kB[22m[1m[22m[2m Ôöé gzip:  10.37 kB[22m
[2mdist/[22m[36massets/i18n-By1VL8JO.js                                           [39m[1m[2m 50.38 kB[22m[1m[22m[2m Ôöé gzip:  14.79 kB[22m
[2mdist/[22m[36massets/Excursions-B1EpQRz6.js                                     [39m[1m[2m 54.77 kB[22m[1m[22m[2m Ôöé gzip:  13.64 kB[22m
[2mdist/[22m[36massets/ui-radix-Conylb0L.js                                       [39m[1m[2m 68.37 kB[22m[1m[22m[2m Ôöé gzip:  20.46 kB[22m
[2mdist/[22m[36massets/animations-pT1pGwhz.js                                     [39m[1m[2m111.81 kB[22m[1m[22m[2m Ôöé gzip:  35.74 kB[22m
[2mdist/[22m[36massets/supabase-CxA2pjfX.js                                       [39m[1m[2m172.63 kB[22m[1m[22m[2m Ôöé gzip:  42.37 kB[22m
[2mdist/[22m[36massets/index-9th4yPSE.js                                          [39m[1m[2m186.29 kB[22m[1m[22m[2m Ôöé gzip:  56.33 kB[22m
[2mdist/[22m[36massets/vendor-react-D9_tfAOP.js                                   [39m[1m[2m208.04 kB[22m[1m[22m[2m Ôöé gzip:  66.57 kB[22m
[2mdist/[22m[36massets/vendor-misc-Br-Ut4Fq.js                                    [39m[1m[2m692.01 kB[22m[1m[22m[2m Ôöé gzip: 189.35 kB[22m
[32mÔ£ô built in 24.52s[39m

PWA v0.21.1
mode      generateSW
precache  86 entries (2057.34 KiB)
files generated
  dist/sw.js
  dist/workbox-5ffe50d4.js
